V3 M1 Precision Entry Sweep: 33 configs x 1 symbols
Parallel workers: 1
Symbols: GBPUSD

======================================================================
  GBPUSD -- V3 M1 Precision Entry Sweep
======================================================================
  D1: 5,101 bars (2006-08-03 to 2026-04-02)
  H1: 102,435 bars (2009-09-29 to 2026-04-02)
  H4: 30,609 bars (2006-07-21 to 2026-04-02)
  M1: 245,775 bars (2025-08-04 to 2026-04-02)
  M15: 109,732 bars (2021-11-03 to 2026-04-02)
  M5: 129,189 bars (2024-07-08 to 2026-04-02)
  W1: 735 bars (2012-03-04 to 2026-03-29)

  Completed in 2660.2s (44.3m)
  Configs with trades: 33/33
  Total trades across all configs: 104,132

  TOP 10 BY SQN (min 30 trades):
    #1: M1@M5 | limit | tp=rr=4.0 sl=zone ttl=0
       Trades=6,801 WR=48.0% SQN=46.16 AvgR=1.398 PF=3.60 AvgWin=1.9p AvgLoss=-0.5p AvgHold=19.6h
    #2: M1@M5 | limit | tp=rr=3.0 sl=zone ttl=0
       Trades=6,929 WR=52.7% SQN=46.12 AvgR=1.107 PF=3.30 AvgWin=1.4p AvgLoss=-0.5p AvgHold=19.2h
    #3: M1@M5 | limit | tp=partial(50%@rr3.0+M15) sl=zone ttl=0
       Trades=6,929 WR=52.7% SQN=46.12 AvgR=1.107 PF=3.30 AvgWin=1.4p AvgLoss=-0.5p AvgHold=19.2h
    #4: M5@M15 | limit | tp=rr=3.0 sl=zone ttl=0
       Trades=6,493 WR=52.6% SQN=44.61 AvgR=1.106 PF=3.28 AvgWin=3.5p AvgLoss=-1.2p AvgHold=56.6h
    #5: M1@M5 | limit | tp=rr=6.0 sl=zone ttl=0
       Trades=6,591 WR=39.7% SQN=42.17 AvgR=1.779 PF=3.82 AvgWin=2.8p AvgLoss=-0.5p AvgHold=20.2h
    #6: M1@M5 | limit | tp=rr=3.0 sl=zone ttl=12
       Trades=4,309 WR=55.4% SQN=40.10 AvgR=1.215 PF=3.80 AvgWin=1.5p AvgLoss=-0.5p AvgHold=0.2h
    #7: M1@M5 | limit | tp=rr=3.0 sl=zone ttl=6
       Trades=3,665 WR=56.4% SQN=38.29 AvgR=1.255 PF=3.97 AvgWin=1.6p AvgLoss=-0.5p AvgHold=0.1h
    #8: M1@M5 | limit | tp=partial(50%@rr3.0+M15) sl=zone ttl=6
       Trades=3,665 WR=56.4% SQN=38.29 AvgR=1.255 PF=3.97 AvgWin=1.6p AvgLoss=-0.5p AvgHold=0.1h
    #9: M1@M5 | limit | tp=rr=3.0 sl=zone
       Trades=2,128 WR=64.5% SQN=38.04 AvgR=1.579 PF=5.34 AvgWin=1.7p AvgLoss=-0.6p AvgHold=0.0h
    #10: M1@M5 | limit | tp=partial(50%@rr3.0+M15) sl=zone
       Trades=2,128 WR=64.5% SQN=38.04 AvgR=1.579 PF=5.34 AvgWin=1.7p AvgLoss=-0.6p AvgHold=0.0h

  Saved 33 configs to results\GBPUSD\gbpusd_v3_m1_precision_sweep.csv

  [1/1] done

======================================================================
  ALL DONE -- 1 symbols in 2662s (44.4m)
======================================================================

Output files:
  F40/f40_cross_tf_sweep.csv (57.3 KB)
  F40/f40_partial_tp_sweep.csv (35.7 KB)
  GBPAUD/gbpaud_cross_tf_sweep.csv (57.7 KB)
  GBPAUD/gbpaud_partial_tp_sweep.csv (36.2 KB)
  GBPJPY/gbpjpy_cross_tf_sweep.csv (57.8 KB)
  GBPJPY/gbpjpy_partial_tp_sweep.csv (35.9 KB)
  GBPJPY/gbpjpy_retest_sweep.csv (674.7 KB)
  GBPNZD/gbpnzd_cross_tf_sweep.csv (58.4 KB)
  GBPNZD/gbpnzd_partial_tp_sweep.csv (35.9 KB)
  GBPUSD/gbpusd_cross_tf_sweep.csv (57.9 KB)
  GBPUSD/gbpusd_partial_tp_sweep.csv (36.0 KB)
  GBPUSD/gbpusd_v3_m1_precision_sweep.csv (28.8 KB)
  GBPUSD/gbpusd_v3_realistic_sweep.csv (90.2 KB)
  HK50/hk50_cross_tf_sweep.csv (57.2 KB)
  HK50/hk50_partial_tp_sweep.csv (35.5 KB)
  JP225/jp225_cross_tf_sweep.csv (57.0 KB)
  JP225/jp225_partial_tp_sweep.csv (35.4 KB)
  NZDJPY/nzdjpy_cross_tf_sweep.csv (57.7 KB)
  NZDJPY/nzdjpy_partial_tp_sweep.csv (35.9 KB)
  NZDUSD/nzdusd_cross_tf_sweep.csv (57.6 KB)
  NZDUSD/nzdusd_partial_tp_sweep.csv (36.0 KB)
  UK100/uk100_cross_tf_sweep.csv (57.9 KB)
  UK100/uk100_partial_tp_sweep.csv (35.8 KB)
  US30/us30_cross_tf_sweep.csv (57.7 KB)
  US30/us30_partial_tp_sweep.csv (35.8 KB)
  US500/us500_cross_tf_sweep.csv (57.6 KB)
  US500/us500_partial_tp_sweep.csv (35.8 KB)
  USDCAD/usdcad_cross_tf_sweep.csv (56.0 KB)
  USDCAD/usdcad_partial_tp_sweep.csv (35.0 KB)
  USDCHF/usdchf_cross_tf_sweep.csv (57.7 KB)
  USDCHF/usdchf_partial_tp_sweep.csv (35.7 KB)
  USDJPY/usdjpy_cross_tf_sweep.csv (57.4 KB)
  USDJPY/usdjpy_partial_tp_sweep.csv (35.9 KB)
  USDMXN/usdmxn_cross_tf_sweep.csv (56.6 KB)
  USDMXN/usdmxn_partial_tp_sweep.csv (35.6 KB)
  USDTRY/usdtry_cross_tf_sweep.csv (56.4 KB)
  USDTRY/usdtry_partial_tp_sweep.csv (35.5 KB)
  USDZAR/usdzar_cross_tf_sweep.csv (57.1 KB)
  USDZAR/usdzar_partial_tp_sweep.csv (35.4 KB)
  USTEC/ustec_cross_tf_sweep.csv (57.5 KB)
  USTEC/ustec_partial_tp_sweep.csv (35.7 KB)
  XAGUSD/xagusd_cross_tf_sweep.csv (58.0 KB)
  XAGUSD/xagusd_partial_tp_sweep.csv (35.9 KB)
  XAUUSD/xauusd_cross_tf_sweep.csv (57.9 KB)
  XAUUSD/xauusd_partial_tp_sweep.csv (35.9 KB)
  XBRUSD/xbrusd_cross_tf_sweep.csv (58.4 KB)
  XBRUSD/xbrusd_partial_tp_sweep.csv (35.8 KB)
  XNGUSD/xngusd_cross_tf_sweep.csv (57.8 KB)
  XNGUSD/xngusd_partial_tp_sweep.csv (35.9 KB)
  XPTUSD/xptusd_cross_tf_sweep.csv (58.2 KB)
  XPTUSD/xptusd_partial_tp_sweep.csv (36.1 KB)
  XTIUSD/xtiusd_cross_tf_sweep.csv (57.9 KB)
  XTIUSD/xtiusd_partial_tp_sweep.csv (35.8 KB)
