V3 Realistic Execution Sweep: 105 configs x 4 symbols
Parallel workers: 2
Symbols: EURUSD, USDJPY, XAUUSD, GBPJPY

======================================================================
  EURUSD -- V3 Realistic Execution Sweep
======================================================================

======================================================================
  USDJPY -- V3 Realistic Execution Sweep
======================================================================
  D1: 5,101 bars (2006-08-04 to 2026-04-02)
  D1: 5,101 bars (2006-08-03 to 2026-04-02)
  H1: 102,435 bars (2009-09-29 to 2026-04-02)
  H1: 102,435 bars (2009-09-29 to 2026-04-02)
  H4: 30,609 bars (2006-07-24 to 2026-04-02)
  H4: 30,609 bars (2006-07-21 to 2026-04-02)
  M15: 109,732 bars (2021-11-03 to 2026-04-02)
  M15: 109,737 bars (2021-11-03 to 2026-04-02)
  M5: 129,208 bars (2024-07-08 to 2026-04-02)
  M5: 129,190 bars (2024-07-08 to 2026-04-02)
  W1: 735 bars (2012-03-04 to 2026-03-29)
  W1: 735 bars (2012-03-04 to 2026-03-29)

  Completed in 4093.9s (68.2m)
  Configs with trades: 105/105
  Total trades across all configs: 255,406

  TOP 10 BY SQN (min 30 trades):
    #1: M5@M15 | limit | tp=rr=3.0 sl=zone ttl=0
       Trades=6,541 WR=53.0% SQN=45.32 AvgR=1.119 PF=3.29 AvgWin=2.9p AvgLoss=-1.0p AvgHold=45.8h
    #2: M5@M15 | limit | tp=rr=3.0 sl=zone ttl=12
       Trades=4,607 WR=54.9% SQN=40.77 AvgR=1.196 PF=3.55 AvgWin=3.0p AvgLoss=-1.0p AvgHold=0.5h
    #3: M5@M15 | limit | tp=rr=3.0 sl=zone
       Trades=2,525 WR=63.6% SQN=40.36 AvgR=1.546 PF=4.86 AvgWin=3.3p AvgLoss=-1.2p AvgHold=0.1h
    #4: M5@M15 | limit | tp=rr=3.0 sl=zone ttl=6
       Trades=4,042 WR=55.9% SQN=39.58 AvgR=1.237 PF=3.68 AvgWin=3.1p AvgLoss=-1.1p AvgHold=0.4h
    #5: M5@M15 | limit | tp=rr=3.0 sl=zone ttl=3
       Trades=3,468 WR=57.2% SQN=38.33 AvgR=1.288 PF=3.87 AvgWin=3.2p AvgLoss=-1.1p AvgHold=0.3h
    #6: M15@H1 | limit | tp=rr=3.0 sl=zone ttl=0
       Trades=4,190 WR=51.8% SQN=34.76 AvgR=1.074 PF=3.30 AvgWin=5.6p AvgLoss=-1.8p AvgHold=218.3h
    #7: M15@H1 | limit | tp=partial(50%@rr3.0+H1) sl=zone ttl=0
       Trades=4,190 WR=51.8% SQN=34.76 AvgR=1.074 PF=3.30 AvgWin=5.6p AvgLoss=-1.8p AvgHold=218.3h
    #8: M15@H1 | limit | tp=partial(50%@rr3.0+H1) sl=zone ttl=0 be_buf=0.25 trail=ha_m15
       Trades=4,190 WR=51.8% SQN=34.76 AvgR=1.074 PF=3.30 AvgWin=5.6p AvgLoss=-1.8p AvgHold=218.3h
    #9: M15@H1 | limit | tp=partial(50%@rr3.0+H1) sl=zone ttl=0 be_buf=0.25 trail=ha_h1
       Trades=4,190 WR=51.8% SQN=34.76 AvgR=1.074 PF=3.30 AvgWin=5.6p AvgLoss=-1.8p AvgHold=218.3h
    #10: M15@H1 | limit | tp=partial(50%@rr3.0+H1) sl=zone ttl=0 be_buf=0.25
       Trades=4,190 WR=51.8% SQN=34.76 AvgR=1.074 PF=3.30 AvgWin=5.6p AvgLoss=-1.8p AvgHold=218.3h

  Saved 105 configs to results\EURUSD\eurusd_v3_realistic_sweep.csv

======================================================================
  XAUUSD -- V3 Realistic Execution Sweep
======================================================================

  [1/4] EURUSD done in 4097s OK
  D1: 3,263 bars (2013-08-09 to 2026-04-02)
  H1: 65,272 bars (1998-04-22 to 2026-04-02)
  H4: 19,581 bars (2001-12-21 to 2026-04-02)
  M15: 109,277 bars (2021-08-18 to 2026-04-02)
  M5: 127,821 bars (2024-06-13 to 2026-04-02)
  W1: 470 bars (2017-04-02 to 2026-03-29)

  Completed in 4199.6s (70.0m)
  Configs with trades: 105/105
  Total trades across all configs: 234,645

  TOP 10 BY SQN (min 30 trades):
    #1: M5@M15 | limit | tp=rr=3.0 sl=zone ttl=0
       Trades=6,163 WR=52.1% SQN=42.66 AvgR=1.086 PF=3.09 AvgWin=5.4p AvgLoss=-1.9p AvgHold=73.6h
    #2: M5@M15 | limit | tp=rr=3.0 sl=zone ttl=12
       Trades=4,261 WR=54.7% SQN=38.98 AvgR=1.189 PF=3.42 AvgWin=5.5p AvgLoss=-2.0p AvgHold=0.6h
    #3: M5@M15 | limit | tp=rr=3.0 sl=zone ttl=6
       Trades=3,705 WR=55.6% SQN=37.45 AvgR=1.223 PF=3.54 AvgWin=5.6p AvgLoss=-2.0p AvgHold=0.4h
    #4: M5@M15 | limit | tp=rr=3.0 sl=zone ttl=3
       Trades=3,158 WR=57.0% SQN=36.35 AvgR=1.281 PF=3.73 AvgWin=5.7p AvgLoss=-2.0p AvgHold=0.2h
    #5: M5@M15 | limit | tp=rr=3.0 sl=zone
       Trades=2,312 WR=61.5% SQN=36.02 AvgR=1.458 PF=4.46 AvgWin=6.0p AvgLoss=-2.2p AvgHold=0.1h
    #6: M15@H1 | limit | tp=rr=3.0 sl=zone ttl=0
       Trades=3,877 WR=51.7% SQN=33.22 AvgR=1.067 PF=2.99 AvgWin=8.3p AvgLoss=-2.9p AvgHold=152.3h
    #7: M15@H1 | limit | tp=partial(50%@rr3.0+H1) sl=zone ttl=0
       Trades=3,877 WR=51.7% SQN=33.22 AvgR=1.067 PF=2.99 AvgWin=8.3p AvgLoss=-2.9p AvgHold=152.3h
    #8: M15@H1 | limit | tp=partial(50%@rr3.0+H1) sl=zone ttl=0 be_buf=0.25 trail=ha_m15
       Trades=3,877 WR=51.7% SQN=33.22 AvgR=1.067 PF=2.99 AvgWin=8.3p AvgLoss=-2.9p AvgHold=152.3h
    #9: M15@H1 | limit | tp=partial(50%@rr3.0+H1) sl=zone ttl=0 be_buf=0.25 trail=ha_h1
       Trades=3,877 WR=51.7% SQN=33.22 AvgR=1.067 PF=2.99 AvgWin=8.3p AvgLoss=-2.9p AvgHold=152.3h
    #10: M15@H1 | limit | tp=partial(50%@rr3.0+H1) sl=zone ttl=0 be_buf=0.25
       Trades=3,877 WR=51.7% SQN=33.22 AvgR=1.067 PF=2.99 AvgWin=8.3p AvgLoss=-2.9p AvgHold=152.3h

  Saved 105 configs to results\USDJPY\usdjpy_v3_realistic_sweep.csv

======================================================================

  [2/4] USDJPY done in 4202s OK
  GBPJPY -- V3 Realistic Execution Sweep
======================================================================
  D1: 5,101 bars (2006-08-04 to 2026-04-02)
  H1: 102,435 bars (2009-09-29 to 2026-04-02)
  H4: 30,609 bars (2006-07-21 to 2026-04-02)
  M15: 109,732 bars (2021-11-03 to 2026-04-02)
  M5: 129,189 bars (2024-07-08 to 2026-04-02)
  W1: 735 bars (2012-03-04 to 2026-03-29)
